// Jest Snapshot v1, https://goo.gl/fbAQLP

exports[`renders correctly 1`] = `
<View
  style={
    Object {
      "flex": 1,
      "justifyContent": "center",
      "width": "100%",
    }
  }
>
  <FlatList
    data={undefined}
    disableVirtualization={false}
    horizontal={false}
    initialNumToRender={10}
    keyExtractor={[Function]}
    maxToRenderPerBatch={10}
    numColumns={1}
    onEndReached={[Function]}
    onEndReachedThreshold={2}
    onEndThreshold={0.01}
    onScroll={[Function]}
    renderItem={[Function]}
    scrollEventThrottle={50}
    updateCellsBatchingPeriod={50}
    windowSize={21}
  />
</View>
`;

exports[`renders correctly 2`] = `
<View
  style={
    Object {
      "flex": 1,
      "justifyContent": "center",
      "width": "100%",
    }
  }
>
  <FlatList
    data={undefined}
    disableVirtualization={false}
    horizontal={false}
    initialNumToRender={10}
    keyExtractor={[Function]}
    maxToRenderPerBatch={10}
    numColumns={1}
    onEndReached={[Function]}
    onEndReachedThreshold={2}
    onEndThreshold={0.01}
    onScroll={[Function]}
    renderItem={[Function]}
    scrollEventThrottle={50}
    updateCellsBatchingPeriod={50}
    windowSize={21}
  />
</View>
`;
